#
# There is insufficient memory for the Java Runtime Environment to continue.
# Native memory allocation (malloc) failed to allocate 1048576 bytes. Error detail: AllocateHeap
# Possible reasons:
#   The system is out of physical RAM or swap space
#   This process is running with CompressedOops enabled, and the Java Heap may be blocking the growth of the native heap
# Possible solutions:
#   Reduce memory load on the system
#   Increase physical memory or swap space
#   Check if swap backing store is full
#   Decrease Java heap size (-Xmx/-Xms)
#   Decrease number of Java threads
#   Decrease Java thread stack sizes (-Xss)
#   Set larger code cache with -XX:ReservedCodeCacheSize=
#   JVM is running with Unscaled Compressed Oops mode in which the Java heap is
#     placed in the first 4GB address space. The Java Heap base address is the
#     maximum limit for the native heap growth. Please use -XX:HeapBaseMinAddress
#     to set the Java Heap base and to place the Java Heap above 4GB virtual address.
# This output file may be truncated or incomplete.
#
#  Out of Memory Error (allocation.cpp:44), pid=1876, tid=6504
#
# JRE version: OpenJDK Runtime Environment Temurin-21.0.8+9 (21.0.8+9) (build 21.0.8+9-LTS)
# Java VM: OpenJDK 64-Bit Server VM Temurin-21.0.8+9 (21.0.8+9-LTS, mixed mode, sharing, tiered, compressed oops, compressed class ptrs, parallel gc, windows-amd64)
# No core dump will be written. Minidumps are not enabled by default on client versions of Windows
#

---------------  S U M M A R Y ------------

Command Line: --add-modules=ALL-SYSTEM --add-opens=java.base/java.util=ALL-UNNAMED --add-opens=java.base/java.lang=ALL-UNNAMED --add-opens=java.base/sun.nio.fs=ALL-UNNAMED -Declipse.application=org.eclipse.jdt.ls.core.id1 -Dosgi.bundles.defaultStartLevel=4 -Declipse.product=org.eclipse.jdt.ls.core.product -Djava.import.generatesMetadataFilesAtProjectRoot=false -DDetectVMInstallationsJob.disabled=true -Dfile.encoding=utf8 -XX:+UseParallelGC -XX:GCTimeRatio=4 -XX:AdaptiveSizePolicyWeight=90 -Dsun.zip.disableMemoryMapping=true -Xmx2G -Xms100m -Xlog:disable -javaagent:c:\Users\alvin\.vscode\extensions\redhat.java-1.46.0-win32-x64\lombok\lombok-1.18.39-4050.jar -XX:+HeapDumpOnOutOfMemoryError -XX:HeapDumpPath=c:\Users\alvin\AppData\Roaming\Code\User\workspaceStorage\1683e6bf0890f2748c42457af55bf592\redhat.java -Daether.dependencyCollector.impl=bf c:\Users\alvin\.vscode\extensions\redhat.java-1.46.0-win32-x64\server\plugins\org.eclipse.equinox.launcher_1.7.0.v20250519-0528.jar -configuration c:\Users\alvin\AppData\Roaming\Code\User\globalStorage\redhat.java\1.46.0\config_win -data c:\Users\alvin\AppData\Roaming\Code\User\workspaceStorage\1683e6bf0890f2748c42457af55bf592\redhat.java\jdt_ws --pipe=\\.\pipe\lsp-832c20ed19d93adea74c71e47881e41e-sock

Host: Intel(R) Core(TM) i3 CPU       M 380  @ 2.53GHz, 4 cores, 3G,  Windows 11 , 64 bit Build 26100 (10.0.26100.6725)
Time: Fri Oct 24 18:21:36 2025 SE Asia Standard Time elapsed time: 5099.030181 seconds (0d 1h 24m 59s)

---------------  T H R E A D  ---------------

Current thread (0x0000026729680e90):  JavaThread "Attach Listener" daemon [_thread_in_vm, id=6504, stack(0x0000008940600000,0x0000008940700000) (1024K)]

Stack: [0x0000008940600000,0x0000008940700000]
Native frames: (J=compiled Java code, j=interpreted, Vv=VM code, C=native code)
V  [jvm.dll+0x6d2449]
V  [jvm.dll+0x8ae341]
V  [jvm.dll+0x8b08be]
V  [jvm.dll+0x8b0fa3]
V  [jvm.dll+0x280c96]
V  [jvm.dll+0xc0347]
V  [jvm.dll+0x6d2cf9]
V  [jvm.dll+0x131116]
V  [jvm.dll+0x3f2d16]
V  [jvm.dll+0x857e6b]
V  [jvm.dll+0x6d0b0d]
C  [ucrtbase.dll+0x37b0]
C  [KERNEL32.DLL+0x2e8d7]
C  [ntdll.dll+0x8c53c]


---------------  P R O C E S S  ---------------

Threads class SMR info:
_java_thread_list=0x0000026786e953d0, length=31, elements={
0x000002672978b4a0, 0x0000026729679940, 0x000002672967ccc0, 0x000002672967f0f0,
0x0000026729680e90, 0x00000267296839f0, 0x0000026729684440, 0x0000026729687280,
0x0000026729708420, 0x000002672973e830, 0x00000267862bda60, 0x00000267868e5bf0,
0x00000267867bb920, 0x00000267868061d0, 0x00000267868f42c0, 0x0000026786e36e70,
0x0000026786c48d70, 0x0000026786c8ae50, 0x0000026786c8c200, 0x0000026786c8a7c0,
0x00000267872373d0, 0x00000267872345e0, 0x00000267872380f0, 0x0000026787236d40,
0x0000026787237a60, 0x0000026787238780, 0x0000026787235300, 0x0000026787236020,
0x000002678723a1c0, 0x000002678674e680, 0x000002678674a4e0
}

Java Threads: ( => current thread )
  0x000002672978b4a0 JavaThread "main"                              [_thread_blocked, id=7016, stack(0x000000893ff00000,0x0000008940000000) (1024K)]
  0x0000026729679940 JavaThread "Reference Handler"          daemon [_thread_blocked, id=5348, stack(0x0000008940300000,0x0000008940400000) (1024K)]
  0x000002672967ccc0 JavaThread "Finalizer"                  daemon [_thread_blocked, id=1940, stack(0x0000008940400000,0x0000008940500000) (1024K)]
  0x000002672967f0f0 JavaThread "Signal Dispatcher"          daemon [_thread_blocked, id=1440, stack(0x0000008940500000,0x0000008940600000) (1024K)]
=>0x0000026729680e90 JavaThread "Attach Listener"            daemon [_thread_in_vm, id=6504, stack(0x0000008940600000,0x0000008940700000) (1024K)]
  0x00000267296839f0 JavaThread "Service Thread"             daemon [_thread_blocked, id=2928, stack(0x0000008940700000,0x0000008940800000) (1024K)]
  0x0000026729684440 JavaThread "Monitor Deflation Thread"   daemon [_thread_blocked, id=3516, stack(0x0000008940800000,0x0000008940900000) (1024K)]
  0x0000026729687280 JavaThread "C2 CompilerThread0"         daemon [_thread_blocked, id=7808, stack(0x0000008940900000,0x0000008940a00000) (1024K)]
  0x0000026729708420 JavaThread "C1 CompilerThread0"         daemon [_thread_blocked, id=1560, stack(0x0000008940a00000,0x0000008940b00000) (1024K)]
  0x000002672973e830 JavaThread "Common-Cleaner"             daemon [_thread_blocked, id=4160, stack(0x0000008940b00000,0x0000008940c00000) (1024K)]
  0x00000267862bda60 JavaThread "Notification Thread"        daemon [_thread_blocked, id=1724, stack(0x0000008940c00000,0x0000008940d00000) (1024K)]
  0x00000267868e5bf0 JavaThread "Active Thread: Equinox Container: 9cf17360-656f-44ea-9ef8-724e29a27f69"        [_thread_blocked, id=4724, stack(0x0000008941000000,0x0000008941100000) (1024K)]
  0x00000267867bb920 JavaThread "Refresh Thread: Equinox Container: 9cf17360-656f-44ea-9ef8-724e29a27f69" daemon [_thread_blocked, id=8768, stack(0x0000008941100000,0x0000008941200000) (1024K)]
  0x00000267868061d0 JavaThread "Framework Event Dispatcher: Equinox Container: 9cf17360-656f-44ea-9ef8-724e29a27f69" daemon [_thread_blocked, id=3352, stack(0x0000008941200000,0x0000008941300000) (1024K)]
  0x00000267868f42c0 JavaThread "Start Level: Equinox Container: 9cf17360-656f-44ea-9ef8-724e29a27f69" daemon [_thread_blocked, id=2036, stack(0x0000008941300000,0x0000008941400000) (1024K)]
  0x0000026786e36e70 JavaThread "Bundle File Closer"         daemon [_thread_blocked, id=1040, stack(0x0000008941400000,0x0000008941500000) (1024K)]
  0x0000026786c48d70 JavaThread "SCR Component Actor"        daemon [_thread_blocked, id=4904, stack(0x0000008941500000,0x0000008941600000) (1024K)]
  0x0000026786c8ae50 JavaThread "Worker-JM"                         [_thread_blocked, id=4884, stack(0x0000008941600000,0x0000008941700000) (1024K)]
  0x0000026786c8c200 JavaThread "Java indexing"              daemon [_thread_blocked, id=7092, stack(0x0000008941b00000,0x0000008941c00000) (1024K)]
  0x0000026786c8a7c0 JavaThread "JNA Cleaner"                daemon [_thread_blocked, id=7060, stack(0x0000008941c00000,0x0000008941d00000) (1024K)]
  0x00000267872373d0 JavaThread "Thread-1"                   daemon [_thread_in_native, id=2624, stack(0x0000008942100000,0x0000008942200000) (1024K)]
  0x00000267872345e0 JavaThread "Thread-2"                   daemon [_thread_in_native, id=2608, stack(0x0000008942200000,0x0000008942300000) (1024K)]
  0x00000267872380f0 JavaThread "Thread-3"                   daemon [_thread_in_native, id=9140, stack(0x0000008942300000,0x0000008942400000) (1024K)]
  0x0000026787236d40 JavaThread "Thread-4"                   daemon [_thread_in_native, id=5384, stack(0x0000008942400000,0x0000008942500000) (1024K)]
  0x0000026787237a60 JavaThread "Thread-5"                   daemon [_thread_in_native, id=5868, stack(0x0000008942500000,0x0000008942600000) (1024K)]
  0x0000026787238780 JavaThread "pool-2-thread-1"                   [_thread_blocked, id=5616, stack(0x0000008942600000,0x0000008942700000) (1024K)]
  0x0000026787235300 JavaThread "WorkspaceEventsHandler"            [_thread_blocked, id=1920, stack(0x0000008942700000,0x0000008942800000) (1024K)]
  0x0000026787236020 JavaThread "pool-1-thread-1"                   [_thread_blocked, id=2952, stack(0x0000008942800000,0x0000008942900000) (1024K)]
  0x000002678723a1c0 JavaThread "Cleaner-0"                  daemon [_thread_blocked, id=852, stack(0x0000008941900000,0x0000008941a00000) (1024K)]
  0x000002678674e680 JavaThread "Worker-16"                         [_thread_blocked, id=7676, stack(0x0000008941e00000,0x0000008941f00000) (1024K)]
  0x000002678674a4e0 JavaThread "Worker-19"                         [_thread_blocked, id=6200, stack(0x0000008941700000,0x0000008941800000) (1024K)]
Total: 31

Other Threads:
  0x000002672984b3d0 VMThread "VM Thread"                           [id=9056, stack(0x0000008940200000,0x0000008940300000) (1024K)]
  0x000002672961cb00 WatcherThread "VM Periodic Task Thread"        [id=8752, stack(0x0000008940100000,0x0000008940200000) (1024K)]
  0x00000267297a96a0 WorkerThread "GC Thread#0"                     [id=8240, stack(0x0000008940000000,0x0000008940100000) (1024K)]
  0x000002678628aef0 WorkerThread "GC Thread#1"                     [id=5468, stack(0x0000008940d00000,0x0000008940e00000) (1024K)]
  0x0000026786323e20 WorkerThread "GC Thread#2"                     [id=6996, stack(0x0000008940e00000,0x0000008940f00000) (1024K)]
  0x00000267863241c0 WorkerThread "GC Thread#3"                     [id=5324, stack(0x0000008940f00000,0x0000008941000000) (1024K)]
Total: 6

Threads with active compile tasks:
Total: 0

VM state: not at safepoint (normal execution)

VM Mutex/Monitor currently owned by a thread: None

Heap address: 0x0000000080000000, size: 2048 MB, Compressed Oops mode: 32-bit

CDS archive(s) mapped at: [0x0000026741000000-0x0000026741ba0000-0x0000026741ba0000), size 12189696, SharedBaseAddress: 0x0000026741000000, ArchiveRelocationMode: 1.
Compressed class space mapped at: 0x0000026742000000-0x0000026782000000, reserved size: 1073741824
Narrow klass base: 0x0000026741000000, Narrow klass shift: 0, Narrow klass range: 0x100000000

GC Precious Log:
 CardTable entry size: 512
 CPUs: 4 total, 4 available
 Memory: 3893M
 Large Page Support: Disabled
 NUMA Support: Disabled
 Compressed Oops: Enabled (32-bit)
 Alignments: Space 512K, Generation 512K, Heap 2M
 Heap Min Capacity: 100M
 Heap Initial Capacity: 100M
 Heap Max Capacity: 2G
 Pre-touch: Disabled
 Parallel Workers: 4

Heap:
 PSYoungGen      total 4608K, used 3904K [0x00000000d5580000, 0x00000000d5d00000, 0x0000000100000000)
  eden space 2560K, 76% used [0x00000000d5580000,0x00000000d576c9f8,0x00000000d5800000)
  from space 2048K, 94% used [0x00000000d5800000,0x00000000d59e37e0,0x00000000d5a00000)
  to   space 2560K, 0% used [0x00000000d5a80000,0x00000000d5a80000,0x00000000d5d00000)
 ParOldGen       total 870912K, used 870486K [0x0000000080000000, 0x00000000b5280000, 0x00000000d5580000)
  object space 870912K, 99% used [0x0000000080000000,0x00000000b5215af0,0x00000000b5280000)
 Metaspace       used 81045K, committed 82688K, reserved 1179648K
  class space    used 8222K, committed 8960K, reserved 1048576K

Card table byte_map: [0x0000026729130000,0x0000026729540000] _byte_map_base: 0x0000026728d30000

Marking Bits: (ParMarkBitMap*) 0x00007ffba635a340
 Begin Bits: [0x000002673bc30000, 0x000002673dc30000)
 End Bits:   [0x000002673dc30000, 0x000002673fc30000)

Polling page: 0x00000267275f0000

Metaspace:

Usage:
  Non-class:     71.12 MB used.
      Class:      8.03 MB used.
       Both:     79.15 MB used.

Virtual space:
  Non-class space:      128.00 MB reserved,      72.00 MB ( 56%) committed,  2 nodes.
      Class space:        1.00 GB reserved,       8.75 MB ( <1%) committed,  1 nodes.
             Both:        1.12 GB reserved,      80.75 MB (  7%) committed. 

Chunk freelists:
   Non-Class:  7.79 MB
       Class:  7.09 MB
        Both:  14.88 MB

MaxMetaspaceSize: unlimited
CompressedClassSpaceSize: 1.00 GB
Initial GC threshold: 21.00 MB
Current GC threshold: 125.88 MB
CDS: on
 - commit_granule_bytes: 65536.
 - commit_granule_words: 8192.
 - virtual_space_node_default_size: 8388608.
 - enlarge_chunks_in_place: 1.
 - use_allocation_guard: 0.


Internal statistics:

num_allocs_failed_limit: 11.
num_arena_births: 1562.
num_arena_deaths: 20.
num_vsnodes_births: 3.
num_vsnodes_deaths: 0.
num_space_committed: 1292.
num_space_uncommitted: 0.
num_chunks_returned_to_freelist: 34.
num_chunks_taken_from_freelist: 5546.
num_chunk_merges: 14.
num_chunk_splits: 3290.
num_chunks_enlarged: 1720.
num_inconsistent_stats: 0.

CodeHeap 'non-profiled nmethods': size=120000Kb used=21284Kb max_used=21284Kb free=98715Kb
 bounds [0x0000026734450000, 0x0000026735920000, 0x000002673b980000]
CodeHeap 'profiled nmethods': size=120000Kb used=49980Kb max_used=49980Kb free=70019Kb
 bounds [0x000002672c980000, 0x000002672fa50000, 0x0000026733eb0000]
CodeHeap 'non-nmethods': size=5760Kb used=1511Kb max_used=1579Kb free=4248Kb
 bounds [0x0000026733eb0000, 0x0000026734120000, 0x0000026734450000]
CodeCache: size=245760Kb, used=72775Kb, max_used=72843Kb, free=172982Kb
 total_blobs=20031, nmethods=19196, adapters=739, full_count=0
Compilation: enabled, stopped_count=0, restarted_count=0

Compilation events (20 events):
Event: 4375.957 Thread 0x0000026729708420 20688       3       org.eclipse.jdt.ls.core.internal.handlers.DocumentSymbolHandler$$Lambda/0x00000267427a48c0::test (8 bytes)
Event: 4375.957 Thread 0x0000026729708420 nmethod 20688 0x000002672fa48410 code [0x000002672fa485c0, 0x000002672fa48870]
Event: 4377.031 Thread 0x0000026729708420 20689   !   3       org.eclipse.jdt.ls.core.internal.text.correction.SourceAssistProcessor::getGetterSetterAction (438 bytes)
Event: 4377.050 Thread 0x0000026729708420 nmethod 20689 0x000002672fa48990 code [0x000002672fa48f40, 0x000002672fa4c168]
Event: 4377.050 Thread 0x0000026729708420 20690   !   3       org.eclipse.jdt.ls.core.internal.text.correction.SourceAssistProcessor::$SWITCH_TABLE$org$eclipse$jdt$ls$core$internal$codemanipulation$GenerateGetterSetterOperation$AccessorKind (61 bytes)
Event: 4377.050 Thread 0x0000026729708420 nmethod 20690 0x000002672fa4d990 code [0x000002672fa4db60, 0x000002672fa4df00]
Event: 4804.982 Thread 0x0000026729687280 20691       4       java.util.concurrent.ForkJoinPool::scan (263 bytes)
Event: 4805.023 Thread 0x0000026729687280 nmethod 20691 0x0000026735917390 code [0x00000267359175e0, 0x00000267359180c8]
Event: 4821.095 Thread 0x0000026729687280 20692       4       java.util.concurrent.locks.AbstractQueuedSynchronizer$Node::setStatusRelaxed (12 bytes)
Event: 4821.096 Thread 0x0000026729687280 nmethod 20692 0x0000026735918b90 code [0x0000026735918d20, 0x0000026735918db0]
Event: 4832.445 Thread 0x0000026729708420 20693       1       org.eclipse.core.internal.jobs.InternalJob::internalSetPriority (6 bytes)
Event: 4832.446 Thread 0x0000026729708420 nmethod 20693 0x0000026735918e90 code [0x0000026735919020, 0x00000267359190e8]
Event: 4832.446 Thread 0x0000026729708420 20694       3       org.eclipse.core.internal.resources.ResourceInfo::shareStrings (43 bytes)
Event: 4832.448 Thread 0x0000026729708420 nmethod 20694 0x000002672fa4e090 code [0x000002672fa4e260, 0x000002672fa4e4e0]
Event: 4857.058 Thread 0x0000026729708420 20695   !   3       java.util.logging.LogManager::getUserContext (118 bytes)
Event: 4857.059 Thread 0x0000026729708420 nmethod 20695 0x000002672fa4e610 code [0x000002672fa4e7c0, 0x000002672fa4ea30]
Event: 4857.059 Thread 0x0000026729708420 20696       3       jdk.internal.access.SharedSecrets::getJavaAWTAccess (4 bytes)
Event: 4857.059 Thread 0x0000026729708420 nmethod 20696 0x000002672fa4eb90 code [0x000002672fa4ed20, 0x000002672fa4ee18]
Event: 4962.047 Thread 0x0000026729708420 20697       3       java.lang.ProcessHandleImpl::<init> (15 bytes)
Event: 4962.047 Thread 0x0000026729708420 nmethod 20697 0x000002672fa4ee90 code [0x000002672fa4f040, 0x000002672fa4f1b0]

GC Heap History (20 events):
Event: 4362.692 GC heap before
{Heap before GC invocations=1600 (full 4):
 PSYoungGen      total 3072K, used 2816K [0x00000000d5580000, 0x00000000d5c00000, 0x0000000100000000)
  eden space 2560K, 100% used [0x00000000d5580000,0x00000000d5800000,0x00000000d5800000)
  from space 512K, 50% used [0x00000000d5b00000,0x00000000d5b40000,0x00000000d5b80000)
  to   space 512K, 0% used [0x00000000d5b80000,0x00000000d5b80000,0x00000000d5c00000)
 ParOldGen       total 865280K, used 864975K [0x0000000080000000, 0x00000000b4d00000, 0x00000000d5580000)
  object space 865280K, 99% used [0x0000000080000000,0x00000000b4cb3f80,0x00000000b4d00000)
 Metaspace       used 81032K, committed 82624K, reserved 1179648K
  class space    used 8222K, committed 8960K, reserved 1048576K
}
Event: 4362.696 GC heap after
{Heap after GC invocations=1600 (full 4):
 PSYoungGen      total 3072K, used 512K [0x00000000d5580000, 0x00000000d5c00000, 0x0000000100000000)
  eden space 2560K, 0% used [0x00000000d5580000,0x00000000d5580000,0x00000000d5800000)
  from space 512K, 100% used [0x00000000d5b80000,0x00000000d5c00000,0x00000000d5c00000)
  to   space 1024K, 0% used [0x00000000d5a00000,0x00000000d5a00000,0x00000000d5b00000)
 ParOldGen       total 865280K, used 865054K [0x0000000080000000, 0x00000000b4d00000, 0x00000000d5580000)
  object space 865280K, 99% used [0x0000000080000000,0x00000000b4cc79c0,0x00000000b4d00000)
 Metaspace       used 81032K, committed 82624K, reserved 1179648K
  class space    used 8222K, committed 8960K, reserved 1048576K
}
Event: 4362.892 GC heap before
{Heap before GC invocations=1601 (full 4):
 PSYoungGen      total 3072K, used 3072K [0x00000000d5580000, 0x00000000d5c00000, 0x0000000100000000)
  eden space 2560K, 100% used [0x00000000d5580000,0x00000000d5800000,0x00000000d5800000)
  from space 512K, 100% used [0x00000000d5b80000,0x00000000d5c00000,0x00000000d5c00000)
  to   space 1024K, 0% used [0x00000000d5a00000,0x00000000d5a00000,0x00000000d5b00000)
 ParOldGen       total 865280K, used 865054K [0x0000000080000000, 0x00000000b4d00000, 0x00000000d5580000)
  object space 865280K, 99% used [0x0000000080000000,0x00000000b4cc79c0,0x00000000b4d00000)
 Metaspace       used 81032K, committed 82624K, reserved 1179648K
  class space    used 8222K, committed 8960K, reserved 1048576K
}
Event: 4362.902 GC heap after
{Heap after GC invocations=1601 (full 4):
 PSYoungGen      total 3584K, used 192K [0x00000000d5580000, 0x00000000d5c00000, 0x0000000100000000)
  eden space 2560K, 0% used [0x00000000d5580000,0x00000000d5580000,0x00000000d5800000)
  from space 1024K, 18% used [0x00000000d5a00000,0x00000000d5a30000,0x00000000d5b00000)
  to   space 512K, 0% used [0x00000000d5b80000,0x00000000d5b80000,0x00000000d5c00000)
 ParOldGen       total 865792K, used 865430K [0x0000000080000000, 0x00000000b4d80000, 0x00000000d5580000)
  object space 865792K, 99% used [0x0000000080000000,0x00000000b4d259d0,0x00000000b4d80000)
 Metaspace       used 81032K, committed 82624K, reserved 1179648K
  class space    used 8222K, committed 8960K, reserved 1048576K
}
Event: 4363.262 GC heap before
{Heap before GC invocations=1602 (full 4):
 PSYoungGen      total 3584K, used 2752K [0x00000000d5580000, 0x00000000d5c00000, 0x0000000100000000)
  eden space 2560K, 100% used [0x00000000d5580000,0x00000000d5800000,0x00000000d5800000)
  from space 1024K, 18% used [0x00000000d5a00000,0x00000000d5a30000,0x00000000d5b00000)
  to   space 512K, 0% used [0x00000000d5b80000,0x00000000d5b80000,0x00000000d5c00000)
 ParOldGen       total 865792K, used 865430K [0x0000000080000000, 0x00000000b4d80000, 0x00000000d5580000)
  object space 865792K, 99% used [0x0000000080000000,0x00000000b4d259d0,0x00000000b4d80000)
 Metaspace       used 81032K, committed 82624K, reserved 1179648K
  class space    used 8222K, committed 8960K, reserved 1048576K
}
Event: 4363.268 GC heap after
{Heap after GC invocations=1602 (full 4):
 PSYoungGen      total 3072K, used 128K [0x00000000d5580000, 0x00000000d5c00000, 0x0000000100000000)
  eden space 2560K, 0% used [0x00000000d5580000,0x00000000d5580000,0x00000000d5800000)
  from space 512K, 25% used [0x00000000d5b80000,0x00000000d5ba0000,0x00000000d5c00000)
  to   space 512K, 0% used [0x00000000d5b00000,0x00000000d5b00000,0x00000000d5b80000)
 ParOldGen       total 865792K, used 865438K [0x0000000080000000, 0x00000000b4d80000, 0x00000000d5580000)
  object space 865792K, 99% used [0x0000000080000000,0x00000000b4d279d0,0x00000000b4d80000)
 Metaspace       used 81032K, committed 82624K, reserved 1179648K
  class space    used 8222K, committed 8960K, reserved 1048576K
}
Event: 4363.675 GC heap before
{Heap before GC invocations=1603 (full 4):
 PSYoungGen      total 3072K, used 2688K [0x00000000d5580000, 0x00000000d5c00000, 0x0000000100000000)
  eden space 2560K, 100% used [0x00000000d5580000,0x00000000d5800000,0x00000000d5800000)
  from space 512K, 25% used [0x00000000d5b80000,0x00000000d5ba0000,0x00000000d5c00000)
  to   space 512K, 0% used [0x00000000d5b00000,0x00000000d5b00000,0x00000000d5b80000)
 ParOldGen       total 865792K, used 865438K [0x0000000080000000, 0x00000000b4d80000, 0x00000000d5580000)
  object space 865792K, 99% used [0x0000000080000000,0x00000000b4d279d0,0x00000000b4d80000)
 Metaspace       used 81033K, committed 82624K, reserved 1179648K
  class space    used 8222K, committed 8960K, reserved 1048576K
}
Event: 4363.680 GC heap after
{Heap after GC invocations=1603 (full 4):
 PSYoungGen      total 3072K, used 128K [0x00000000d5580000, 0x00000000d5c00000, 0x0000000100000000)
  eden space 2560K, 0% used [0x00000000d5580000,0x00000000d5580000,0x00000000d5800000)
  from space 512K, 25% used [0x00000000d5b00000,0x00000000d5b20000,0x00000000d5b80000)
  to   space 512K, 0% used [0x00000000d5b80000,0x00000000d5b80000,0x00000000d5c00000)
 ParOldGen       total 865792K, used 865462K [0x0000000080000000, 0x00000000b4d80000, 0x00000000d5580000)
  object space 865792K, 99% used [0x0000000080000000,0x00000000b4d2d9d0,0x00000000b4d80000)
 Metaspace       used 81033K, committed 82624K, reserved 1179648K
  class space    used 8222K, committed 8960K, reserved 1048576K
}
Event: 4375.590 GC heap before
{Heap before GC invocations=1604 (full 4):
 PSYoungGen      total 3072K, used 2688K [0x00000000d5580000, 0x00000000d5c00000, 0x0000000100000000)
  eden space 2560K, 100% used [0x00000000d5580000,0x00000000d5800000,0x00000000d5800000)
  from space 512K, 25% used [0x00000000d5b00000,0x00000000d5b20000,0x00000000d5b80000)
  to   space 512K, 0% used [0x00000000d5b80000,0x00000000d5b80000,0x00000000d5c00000)
 ParOldGen       total 865792K, used 865462K [0x0000000080000000, 0x00000000b4d80000, 0x00000000d5580000)
  object space 865792K, 99% used [0x0000000080000000,0x00000000b4d2d9d0,0x00000000b4d80000)
 Metaspace       used 81035K, committed 82688K, reserved 1179648K
  class space    used 8222K, committed 8960K, reserved 1048576K
}
Event: 4375.595 GC heap after
{Heap after GC invocations=1604 (full 4):
 PSYoungGen      total 3072K, used 416K [0x00000000d5580000, 0x00000000d5c00000, 0x0000000100000000)
  eden space 2560K, 0% used [0x00000000d5580000,0x00000000d5580000,0x00000000d5800000)
  from space 512K, 81% used [0x00000000d5b80000,0x00000000d5be8000,0x00000000d5c00000)
  to   space 512K, 0% used [0x00000000d5b00000,0x00000000d5b00000,0x00000000d5b80000)
 ParOldGen       total 865792K, used 865478K [0x0000000080000000, 0x00000000b4d80000, 0x00000000d5580000)
  object space 865792K, 99% used [0x0000000080000000,0x00000000b4d319d0,0x00000000b4d80000)
 Metaspace       used 81035K, committed 82688K, reserved 1179648K
  class space    used 8222K, committed 8960K, reserved 1048576K
}
Event: 4376.154 GC heap before
{Heap before GC invocations=1605 (full 4):
 PSYoungGen      total 3072K, used 2976K [0x00000000d5580000, 0x00000000d5c00000, 0x0000000100000000)
  eden space 2560K, 100% used [0x00000000d5580000,0x00000000d5800000,0x00000000d5800000)
  from space 512K, 81% used [0x00000000d5b80000,0x00000000d5be8000,0x00000000d5c00000)
  to   space 512K, 0% used [0x00000000d5b00000,0x00000000d5b00000,0x00000000d5b80000)
 ParOldGen       total 865792K, used 865478K [0x0000000080000000, 0x00000000b4d80000, 0x00000000d5580000)
  object space 865792K, 99% used [0x0000000080000000,0x00000000b4d319d0,0x00000000b4d80000)
 Metaspace       used 81036K, committed 82688K, reserved 1179648K
  class space    used 8222K, committed 8960K, reserved 1048576K
}
Event: 4376.160 GC heap after
{Heap after GC invocations=1605 (full 4):
 PSYoungGen      total 3072K, used 512K [0x00000000d5580000, 0x00000000d5c00000, 0x0000000100000000)
  eden space 2560K, 0% used [0x00000000d5580000,0x00000000d5580000,0x00000000d5800000)
  from space 512K, 100% used [0x00000000d5b00000,0x00000000d5b80000,0x00000000d5b80000)
  to   space 512K, 0% used [0x00000000d5b80000,0x00000000d5b80000,0x00000000d5c00000)
 ParOldGen       total 866304K, used 865821K [0x0000000080000000, 0x00000000b4e00000, 0x00000000d5580000)
  object space 866304K, 99% used [0x0000000080000000,0x00000000b4d87420,0x00000000b4e00000)
 Metaspace       used 81036K, committed 82688K, reserved 1179648K
  class space    used 8222K, committed 8960K, reserved 1048576K
}
Event: 4377.033 GC heap before
{Heap before GC invocations=1606 (full 4):
 PSYoungGen      total 3072K, used 3072K [0x00000000d5580000, 0x00000000d5c00000, 0x0000000100000000)
  eden space 2560K, 100% used [0x00000000d5580000,0x00000000d5800000,0x00000000d5800000)
  from space 512K, 100% used [0x00000000d5b00000,0x00000000d5b80000,0x00000000d5b80000)
  to   space 512K, 0% used [0x00000000d5b80000,0x00000000d5b80000,0x00000000d5c00000)
 ParOldGen       total 866304K, used 865821K [0x0000000080000000, 0x00000000b4e00000, 0x00000000d5580000)
  object space 866304K, 99% used [0x0000000080000000,0x00000000b4d87420,0x00000000b4e00000)
 Metaspace       used 81039K, committed 82688K, reserved 1179648K
  class space    used 8222K, committed 8960K, reserved 1048576K
}
Event: 4377.037 GC heap after
{Heap after GC invocations=1606 (full 4):
 PSYoungGen      total 3072K, used 224K [0x00000000d5580000, 0x00000000d5c00000, 0x0000000100000000)
  eden space 2560K, 0% used [0x00000000d5580000,0x00000000d5580000,0x00000000d5800000)
  from space 512K, 43% used [0x00000000d5b80000,0x00000000d5bb8000,0x00000000d5c00000)
  to   space 512K, 0% used [0x00000000d5b00000,0x00000000d5b00000,0x00000000d5b80000)
 ParOldGen       total 866304K, used 866291K [0x0000000080000000, 0x00000000b4e00000, 0x00000000d5580000)
  object space 866304K, 99% used [0x0000000080000000,0x00000000b4dfce70,0x00000000b4e00000)
 Metaspace       used 81039K, committed 82688K, reserved 1179648K
  class space    used 8222K, committed 8960K, reserved 1048576K
}
Event: 4804.923 GC heap before
{Heap before GC invocations=1607 (full 4):
 PSYoungGen      total 3072K, used 2783K [0x00000000d5580000, 0x00000000d5c00000, 0x0000000100000000)
  eden space 2560K, 99% used [0x00000000d5580000,0x00000000d57fffd8,0x00000000d5800000)
  from space 512K, 43% used [0x00000000d5b80000,0x00000000d5bb8000,0x00000000d5c00000)
  to   space 512K, 0% used [0x00000000d5b00000,0x00000000d5b00000,0x00000000d5b80000)
 ParOldGen       total 866304K, used 866291K [0x0000000080000000, 0x00000000b4e00000, 0x00000000d5580000)
  object space 866304K, 99% used [0x0000000080000000,0x00000000b4dfce70,0x00000000b4e00000)
 Metaspace       used 81042K, committed 82688K, reserved 1179648K
  class space    used 8222K, committed 8960K, reserved 1048576K
}
Event: 4804.931 GC heap after
{Heap after GC invocations=1607 (full 4):
 PSYoungGen      total 3072K, used 494K [0x00000000d5580000, 0x00000000d5c00000, 0x0000000100000000)
  eden space 2560K, 0% used [0x00000000d5580000,0x00000000d5580000,0x00000000d5800000)
  from space 512K, 96% used [0x00000000d5b00000,0x00000000d5b7b800,0x00000000d5b80000)
  to   space 512K, 0% used [0x00000000d5b80000,0x00000000d5b80000,0x00000000d5c00000)
 ParOldGen       total 867840K, used 867427K [0x0000000080000000, 0x00000000b4f80000, 0x00000000d5580000)
  object space 867840K, 99% used [0x0000000080000000,0x00000000b4f18e70,0x00000000b4f80000)
 Metaspace       used 81042K, committed 82688K, reserved 1179648K
  class space    used 8222K, committed 8960K, reserved 1048576K
}
Event: 4804.947 GC heap before
{Heap before GC invocations=1608 (full 4):
 PSYoungGen      total 3072K, used 3054K [0x00000000d5580000, 0x00000000d5c00000, 0x0000000100000000)
  eden space 2560K, 100% used [0x00000000d5580000,0x00000000d5800000,0x00000000d5800000)
  from space 512K, 96% used [0x00000000d5b00000,0x00000000d5b7b800,0x00000000d5b80000)
  to   space 512K, 0% used [0x00000000d5b80000,0x00000000d5b80000,0x00000000d5c00000)
 ParOldGen       total 867840K, used 867427K [0x0000000080000000, 0x00000000b4f80000, 0x00000000d5580000)
  object space 867840K, 99% used [0x0000000080000000,0x00000000b4f18e70,0x00000000b4f80000)
 Metaspace       used 81042K, committed 82688K, reserved 1179648K
  class space    used 8222K, committed 8960K, reserved 1048576K
}
Event: 4804.955 GC heap after
{Heap after GC invocations=1608 (full 4):
 PSYoungGen      total 3072K, used 512K [0x00000000d5580000, 0x00000000d5f00000, 0x0000000100000000)
  eden space 2560K, 0% used [0x00000000d5580000,0x00000000d5580000,0x00000000d5800000)
  from space 512K, 100% used [0x00000000d5b80000,0x00000000d5c00000,0x00000000d5c00000)
  to   space 3584K, 0% used [0x00000000d5800000,0x00000000d5800000,0x00000000d5b80000)
 ParOldGen       total 870400K, used 869950K [0x0000000080000000, 0x00000000b5200000, 0x00000000d5580000)
  object space 870400K, 99% used [0x0000000080000000,0x00000000b518faf0,0x00000000b5200000)
 Metaspace       used 81042K, committed 82688K, reserved 1179648K
  class space    used 8222K, committed 8960K, reserved 1048576K
}
Event: 4804.989 GC heap before
{Heap before GC invocations=1609 (full 4):
 PSYoungGen      total 3072K, used 3072K [0x00000000d5580000, 0x00000000d5f00000, 0x0000000100000000)
  eden space 2560K, 100% used [0x00000000d5580000,0x00000000d5800000,0x00000000d5800000)
  from space 512K, 100% used [0x00000000d5b80000,0x00000000d5c00000,0x00000000d5c00000)
  to   space 3584K, 0% used [0x00000000d5800000,0x00000000d5800000,0x00000000d5b80000)
 ParOldGen       total 870400K, used 869950K [0x0000000080000000, 0x00000000b5200000, 0x00000000d5580000)
  object space 870400K, 99% used [0x0000000080000000,0x00000000b518faf0,0x00000000b5200000)
 Metaspace       used 81042K, committed 82688K, reserved 1179648K
  class space    used 8222K, committed 8960K, reserved 1048576K
}
Event: 4804.995 GC heap after
{Heap after GC invocations=1609 (full 4):
 PSYoungGen      total 4608K, used 1933K [0x00000000d5580000, 0x00000000d5d00000, 0x0000000100000000)
  eden space 2560K, 0% used [0x00000000d5580000,0x00000000d5580000,0x00000000d5800000)
  from space 2048K, 94% used [0x00000000d5800000,0x00000000d59e37e0,0x00000000d5a00000)
  to   space 2560K, 0% used [0x00000000d5a80000,0x00000000d5a80000,0x00000000d5d00000)
 ParOldGen       total 870912K, used 870486K [0x0000000080000000, 0x00000000b5280000, 0x00000000d5580000)
  object space 870912K, 99% used [0x0000000080000000,0x00000000b5215af0,0x00000000b5280000)
 Metaspace       used 81042K, committed 82688K, reserved 1179648K
  class space    used 8222K, committed 8960K, reserved 1048576K
}

Dll operation events (14 events):
Event: 0.058 Loaded shared library c:\Users\alvin\.vscode\extensions\redhat.java-1.46.0-win32-x64\jre\21.0.8-win32-x86_64\bin\java.dll
Event: 0.560 Loaded shared library c:\Users\alvin\.vscode\extensions\redhat.java-1.46.0-win32-x64\jre\21.0.8-win32-x86_64\bin\zip.dll
Event: 0.712 Loaded shared library C:\Users\alvin\.vscode\extensions\redhat.java-1.46.0-win32-x64\jre\21.0.8-win32-x86_64\bin\instrument.dll
Event: 0.737 Loaded shared library C:\Users\alvin\.vscode\extensions\redhat.java-1.46.0-win32-x64\jre\21.0.8-win32-x86_64\bin\net.dll
Event: 0.757 Loaded shared library C:\Users\alvin\.vscode\extensions\redhat.java-1.46.0-win32-x64\jre\21.0.8-win32-x86_64\bin\nio.dll
Event: 0.776 Loaded shared library C:\Users\alvin\.vscode\extensions\redhat.java-1.46.0-win32-x64\jre\21.0.8-win32-x86_64\bin\zip.dll
Event: 1.124 Loaded shared library C:\Users\alvin\.vscode\extensions\redhat.java-1.46.0-win32-x64\jre\21.0.8-win32-x86_64\bin\jimage.dll
Event: 2.985 Loaded shared library c:\Users\alvin\.vscode\extensions\redhat.java-1.46.0-win32-x64\jre\21.0.8-win32-x86_64\bin\verify.dll
Event: 21.500 Loaded shared library C:\Users\alvin\AppData\Roaming\Code\User\globalStorage\redhat.java\1.46.0\config_win\org.eclipse.equinox.launcher\org.eclipse.equinox.launcher.win32.win32.x86_64_1.2.1400.v20250801-0854\eclipse_11916.dll
Event: 31.341 Loaded shared library C:\Users\alvin\.vscode\extensions\redhat.java-1.46.0-win32-x64\jre\21.0.8-win32-x86_64\bin\management.dll
Event: 31.365 Loaded shared library C:\Users\alvin\.vscode\extensions\redhat.java-1.46.0-win32-x64\jre\21.0.8-win32-x86_64\bin\management_ext.dll
Event: 45.402 Loaded shared library C:\Users\alvin\AppData\Local\Temp\jna-92915728\jna4891860335392294210.dll
Event: 46.988 Loaded shared library C:\Users\alvin\.vscode\extensions\redhat.java-1.46.0-win32-x64\jre\21.0.8-win32-x86_64\bin\sunmscapi.dll
Event: 50.475 Loaded shared library C:\Users\alvin\.vscode\extensions\redhat.java-1.46.0-win32-x64\jre\21.0.8-win32-x86_64\bin\extnet.dll

Deoptimization events (20 events):
Event: 4350.954 Thread 0x00000267867476f0 Uncommon trap: trap_request=0xffffff45 fr.pc=0x0000026735828144 relative=0x0000000000001704
Event: 4350.954 Thread 0x00000267867476f0 Uncommon trap: reason=unstable_if action=reinterpret pc=0x0000026735828144 method=org.eclipse.jdt.core.dom.ASTConverter.convert(Lorg/eclipse/jdt/internal/compiler/ast/AllocationExpression;)Lorg/eclipse/jdt/core/dom/ClassInstanceCreation; @ 16 c2
Event: 4350.954 Thread 0x00000267867476f0 DEOPT PACKING pc=0x0000026735828144 sp=0x00000089418fd810
Event: 4350.956 Thread 0x00000267867476f0 DEOPT UNPACKING pc=0x0000026733f03a9c sp=0x00000089418fd828 mode 2
Event: 4350.958 Thread 0x00000267867476f0 Uncommon trap: trap_request=0xffffff45 fr.pc=0x00000267357f4638 relative=0x0000000000004818
Event: 4350.959 Thread 0x00000267867476f0 Uncommon trap: reason=unstable_if action=reinterpret pc=0x00000267357f4638 method=org.eclipse.jdt.core.dom.ASTConverter.convertToVariableDeclarationFragment(Lorg/eclipse/jdt/internal/compiler/ast/LocalDeclaration;)Lorg/eclipse/jdt/core/dom/VariableDeclara
Event: 4350.959 Thread 0x00000267867476f0 DEOPT PACKING pc=0x00000267357f4638 sp=0x00000089418fd920
Event: 4350.959 Thread 0x00000267867476f0 DEOPT UNPACKING pc=0x0000026733f03a9c sp=0x00000089418fd8c0 mode 2
Event: 4350.978 Thread 0x00000267867476f0 Uncommon trap: trap_request=0xffffff45 fr.pc=0x0000026735213bcc relative=0x000000000000176c
Event: 4350.978 Thread 0x00000267867476f0 Uncommon trap: reason=unstable_if action=reinterpret pc=0x0000026735213bcc method=org.eclipse.jdt.core.dom.ASTConverter.convert(Lorg/eclipse/jdt/internal/compiler/ast/StringLiteral;)Lorg/eclipse/jdt/core/dom/Expression; @ 55 c2
Event: 4350.978 Thread 0x00000267867476f0 DEOPT PACKING pc=0x0000026735213bcc sp=0x00000089418fd910
Event: 4350.979 Thread 0x00000267867476f0 DEOPT UNPACKING pc=0x0000026733f03a9c sp=0x00000089418fd918 mode 2
Event: 4350.979 Thread 0x00000267867476f0 Uncommon trap: trap_request=0xffffff45 fr.pc=0x0000026735505f70 relative=0x0000000000001850
Event: 4350.979 Thread 0x00000267867476f0 Uncommon trap: reason=unstable_if action=reinterpret pc=0x0000026735505f70 method=org.eclipse.jdt.core.dom.ASTConverter.convert(Lorg/eclipse/jdt/internal/compiler/ast/SingleNameReference;)Lorg/eclipse/jdt/core/dom/SimpleName; @ 36 c2
Event: 4350.979 Thread 0x00000267867476f0 DEOPT PACKING pc=0x0000026735505f70 sp=0x00000089418fd900
Event: 4350.979 Thread 0x00000267867476f0 DEOPT UNPACKING pc=0x0000026733f03a9c sp=0x00000089418fd858 mode 2
Event: 4351.044 Thread 0x00000267867476f0 Uncommon trap: trap_request=0xffffff45 fr.pc=0x0000026734c93d54 relative=0x00000000000000b4
Event: 4351.044 Thread 0x00000267867476f0 Uncommon trap: reason=unstable_if action=reinterpret pc=0x0000026734c93d54 method=org.eclipse.jdt.core.dom.AST.modifying()V @ 7 c2
Event: 4351.044 Thread 0x00000267867476f0 DEOPT PACKING pc=0x0000026734c93d54 sp=0x00000089418fde20
Event: 4351.044 Thread 0x00000267867476f0 DEOPT UNPACKING pc=0x0000026733f03a9c sp=0x00000089418fdd58 mode 2

Classes loaded (20 events):
Event: 270.764 Loading class jdk/internal/ref/CleanerImpl$InnocuousThreadFactory
Event: 270.766 Loading class jdk/internal/ref/CleanerImpl$InnocuousThreadFactory done
Event: 294.147 Loading class java/nio/file/FileTreeIterator
Event: 294.148 Loading class java/nio/file/FileTreeIterator done
Event: 429.359 Loading class java/io/CharArrayReader
Event: 429.359 Loading class java/io/CharArrayReader done
Event: 429.360 Loading class java/util/regex/Pattern$Bound
Event: 429.360 Loading class java/util/regex/Pattern$Bound done
Event: 773.868 Loading class java/lang/Throwable$WrappedPrintWriter
Event: 773.870 Loading class java/lang/Throwable$PrintStreamOrWriter
Event: 773.872 Loading class java/lang/Throwable$PrintStreamOrWriter done
Event: 773.872 Loading class java/lang/Throwable$WrappedPrintWriter done
Event: 786.622 Loading class java/util/concurrent/ConcurrentHashMap$TreeNode
Event: 786.628 Loading class java/util/concurrent/ConcurrentHashMap$TreeNode done
Event: 786.633 Loading class java/util/concurrent/ConcurrentHashMap$TreeBin
Event: 786.643 Loading class java/util/concurrent/ConcurrentHashMap$TreeBin done
Event: 2010.587 Loading class java/lang/StringLatin1$CharsSpliterator
Event: 2010.592 Loading class java/lang/StringLatin1$CharsSpliterator done
Event: 2500.719 Loading class java/nio/channels/CompletionHandler
Event: 2500.740 Loading class java/nio/channels/CompletionHandler done

Classes unloaded (10 events):
Event: 36.834 Thread 0x000002672984b3d0 Unloading class 0x00000267421ad800 'java/lang/invoke/LambdaForm$MH+0x00000267421ad800'
Event: 36.834 Thread 0x000002672984b3d0 Unloading class 0x00000267421ad400 'java/lang/invoke/LambdaForm$MH+0x00000267421ad400'
Event: 36.834 Thread 0x000002672984b3d0 Unloading class 0x00000267421ad000 'java/lang/invoke/LambdaForm$MH+0x00000267421ad000'
Event: 36.834 Thread 0x000002672984b3d0 Unloading class 0x00000267421acc00 'java/lang/invoke/LambdaForm$MH+0x00000267421acc00'
Event: 36.834 Thread 0x000002672984b3d0 Unloading class 0x00000267421ac800 'java/lang/invoke/LambdaForm$BMH+0x00000267421ac800'
Event: 36.834 Thread 0x000002672984b3d0 Unloading class 0x00000267421ac400 'java/lang/invoke/LambdaForm$DMH+0x00000267421ac400'
Event: 36.834 Thread 0x000002672984b3d0 Unloading class 0x00000267421ab000 'java/lang/invoke/LambdaForm$DMH+0x00000267421ab000'
Event: 45.397 Thread 0x000002672984b3d0 Unloading class 0x00000267422a8400 'java/lang/invoke/LambdaForm$MH+0x00000267422a8400'
Event: 45.397 Thread 0x000002672984b3d0 Unloading class 0x00000267422a8000 'java/lang/invoke/LambdaForm$MH+0x00000267422a8000'
Event: 45.397 Thread 0x000002672984b3d0 Unloading class 0x00000267422a3000 'java/lang/invoke/LambdaForm$DMH+0x00000267422a3000'

Classes redefined (0 events):
No events

Internal exceptions (20 events):
Event: 2830.064 Thread 0x0000026786c8c200 Exception <a 'sun/nio/fs/WindowsException'{0x00000000d55e4800}> (0x00000000d55e4800) 
thrown [s\src\hotspot\share\prims\jni.cpp, line 520]
Event: 2830.443 Thread 0x0000026786c8c200 Exception <a 'sun/nio/fs/WindowsException'{0x00000000d57c42d8}> (0x00000000d57c42d8) 
thrown [s\src\hotspot\share\prims\jni.cpp, line 520]
Event: 2847.924 Thread 0x00000267867476f0 Implicit null exception at 0x000002673469ada2 to 0x000002673469bb90
Event: 3087.245 Thread 0x00000267867476f0 Implicit null exception at 0x00000267353ce014 to 0x00000267353ce7a4
Event: 3087.290 Thread 0x00000267867476f0 Implicit null exception at 0x00000267353091b0 to 0x0000026735309404
Event: 3137.997 Thread 0x000002678674b200 Exception <a 'java/lang/ClassNotFoundException'{0x00000000d56a5250}: sun/net/www/protocol/jdt/Handler> (0x00000000d56a5250) 
thrown [s\src\hotspot\share\classfile\systemDictionary.cpp, line 312]
Event: 3138.002 Thread 0x000002678674b200 Exception <a 'java/lang/ClassNotFoundException'{0x00000000d56a7f18}: sun/net/www/protocol/jdt/Handler> (0x00000000d56a7f18) 
thrown [s\src\hotspot\share\classfile\systemDictionary.cpp, line 312]
Event: 3138.003 Thread 0x000002678674b200 Exception <a 'java/lang/ClassNotFoundException'{0x00000000d56ad120}: sun/net/www/protocol/jdt/Handler> (0x00000000d56ad120) 
thrown [s\src\hotspot\share\classfile\systemDictionary.cpp, line 312]
Event: 3138.004 Thread 0x000002678674b200 Exception <a 'java/lang/ClassNotFoundException'{0x00000000d56b1878}: sun/net/www/protocol/jdt/Handler> (0x00000000d56b1878) 
thrown [s\src\hotspot\share\classfile\systemDictionary.cpp, line 312]
Event: 3138.004 Thread 0x000002678674b200 Exception <a 'java/lang/ClassNotFoundException'{0x00000000d56b4390}: sun/net/www/protocol/jdt/Handler> (0x00000000d56b4390) 
thrown [s\src\hotspot\share\classfile\systemDictionary.cpp, line 312]
Event: 3138.005 Thread 0x000002678674b200 Exception <a 'java/lang/ClassNotFoundException'{0x00000000d56b6ba8}: sun/net/www/protocol/jdt/Handler> (0x00000000d56b6ba8) 
thrown [s\src\hotspot\share\classfile\systemDictionary.cpp, line 312]
Event: 3138.005 Thread 0x000002678674b200 Exception <a 'java/lang/ClassNotFoundException'{0x00000000d56b93e8}: sun/net/www/protocol/jdt/Handler> (0x00000000d56b93e8) 
thrown [s\src\hotspot\share\classfile\systemDictionary.cpp, line 312]
Event: 4116.895 Thread 0x0000026787236020 Exception <a 'java/lang/IncompatibleClassChangeError'{0x00000000d56a8e38}: Found class java.lang.Object, but interface was expected> (0x00000000d56a8e38) 
thrown [s\src\hotspot\share\interpreter\linkResolver.cpp, line 840]
Event: 4117.636 Thread 0x00000267867476f0 Exception <a 'java/lang/NoSuchMethodError'{0x00000000d5580788}: 'java.lang.Object java.lang.invoke.DirectMethodHandle$Holder.invokeStatic(java.lang.Object, int, java.lang.Object)'> (0x00000000d5580788) 
thrown [s\src\hotspot\share\interpreter\linkResolver.cpp, line 773]
Event: 4349.792 Thread 0x00000267867476f0 Exception <a 'java/lang/NoSuchMethodError'{0x00000000d55d1690}: 'int java.lang.invoke.DirectMethodHandle$Holder.invokeVirtual(java.lang.Object, java.lang.Object, java.lang.Object, int)'> (0x00000000d55d1690) 
thrown [s\src\hotspot\share\interpreter\linkResolver.cpp, line 773]
Event: 4349.885 Thread 0x00000267867476f0 Exception <a 'java/lang/NoSuchMethodError'{0x00000000d55f8180}: 'void java.lang.invoke.DirectMethodHandle$Holder.invokeSpecial(java.lang.Object, java.lang.Object, int)'> (0x00000000d55f8180) 
thrown [s\src\hotspot\share\interpreter\linkResolver.cpp, line 773]
Event: 4350.663 Thread 0x00000267867476f0 Implicit null exception at 0x0000026735688b5a to 0x0000026735688bc5
Event: 4350.945 Thread 0x00000267867476f0 Implicit null exception at 0x0000026734e4b51a to 0x0000026734e4d85c
Event: 4350.947 Thread 0x00000267867476f0 Implicit null exception at 0x0000026734e4b51a to 0x0000026734e4d85c
Event: 4350.947 Thread 0x00000267867476f0 Implicit null exception at 0x0000026734e4b51a to 0x0000026734e4d85c

ZGC Phase Switch (0 events):
No events

VM Operations (20 events):
Event: 4804.947 Executing VM operation: ParallelGCFailedAllocation (Allocation Failure)
Event: 4804.955 Executing VM operation: ParallelGCFailedAllocation (Allocation Failure) done
Event: 4804.989 Executing VM operation: ParallelGCFailedAllocation (Allocation Failure)
Event: 4804.995 Executing VM operation: ParallelGCFailedAllocation (Allocation Failure) done
Event: 4871.339 Executing VM operation: HandshakeAllThreads (HandshakeForDeflation)
Event: 4871.339 Executing VM operation: HandshakeAllThreads (HandshakeForDeflation) done
Event: 4871.339 Executing VM operation: RendezvousGCThreads
Event: 4871.339 Executing VM operation: RendezvousGCThreads done
Event: 4931.601 Executing VM operation: HandshakeAllThreads (HandshakeForDeflation)
Event: 4931.601 Executing VM operation: HandshakeAllThreads (HandshakeForDeflation) done
Event: 4931.601 Executing VM operation: RendezvousGCThreads
Event: 4931.601 Executing VM operation: RendezvousGCThreads done
Event: 4991.839 Executing VM operation: HandshakeAllThreads (HandshakeForDeflation)
Event: 4991.839 Executing VM operation: HandshakeAllThreads (HandshakeForDeflation) done
Event: 4991.839 Executing VM operation: RendezvousGCThreads
Event: 4991.839 Executing VM operation: RendezvousGCThreads done
Event: 5051.905 Executing VM operation: HandshakeAllThreads (HandshakeForDeflation)
Event: 5051.905 Executing VM operation: HandshakeAllThreads (HandshakeForDeflation) done
Event: 5051.906 Executing VM operation: RendezvousGCThreads
Event: 5051.906 Executing VM operation: RendezvousGCThreads done

Memory protections (0 events):
No events

Nmethod flushes (20 events):
Event: 684.573 Thread 0x000002672984b3d0 flushing  nmethod 0x000002672d875f10
Event: 684.573 Thread 0x000002672984b3d0 flushing  nmethod 0x000002672d876e10
Event: 684.573 Thread 0x000002672984b3d0 flushing  nmethod 0x000002672d877810
Event: 684.573 Thread 0x000002672984b3d0 flushing  nmethod 0x000002672d87a390
Event: 684.573 Thread 0x000002672984b3d0 flushing  nmethod 0x000002672d888b10
Event: 684.573 Thread 0x000002672984b3d0 flushing  nmethod 0x000002672d894710
Event: 684.573 Thread 0x000002672984b3d0 flushing  nmethod 0x000002672d895990
Event: 684.573 Thread 0x000002672984b3d0 flushing  nmethod 0x000002672d896810
Event: 684.573 Thread 0x000002672984b3d0 flushing  nmethod 0x000002672d897e10
Event: 684.573 Thread 0x000002672984b3d0 flushing  nmethod 0x000002672d898d10
Event: 684.573 Thread 0x000002672984b3d0 flushing  nmethod 0x000002672d89df90
Event: 684.573 Thread 0x000002672984b3d0 flushing  nmethod 0x000002672d89e310
Event: 684.573 Thread 0x000002672984b3d0 flushing  nmethod 0x000002672d89ff90
Event: 684.573 Thread 0x000002672984b3d0 flushing  nmethod 0x000002672d8c6590
Event: 684.573 Thread 0x000002672984b3d0 flushing osr nmethod 0x000002672d8c6d90
Event: 684.573 Thread 0x000002672984b3d0 flushing  nmethod 0x000002672d930190
Event: 684.573 Thread 0x000002672984b3d0 flushing  nmethod 0x000002672d930a90
Event: 684.573 Thread 0x000002672984b3d0 flushing  nmethod 0x000002672d935410
Event: 684.573 Thread 0x000002672984b3d0 flushing  nmethod 0x000002672d935e90
Event: 684.573 Thread 0x000002672984b3d0 flushing  nmethod 0x000002672d942a10

Events (20 events):
Event: 3130.138 Thread 0x0000026786748aa0 Thread exited: 0x0000026786748aa0
Event: 3198.096 Thread 0x000002678674b200 Thread exited: 0x000002678674b200
Event: 3258.103 Thread 0x0000026786747d80 Thread exited: 0x0000026786747d80
Event: 3318.109 Thread 0x00000267867476f0 Thread exited: 0x00000267867476f0
Event: 3428.458 Thread 0x0000026787236020 Thread added: 0x0000026786747060
Event: 3428.466 Thread 0x0000026786747060 Thread added: 0x00000267867476f0
Event: 3499.631 Thread 0x00000267867476f0 Thread exited: 0x00000267867476f0
Event: 3559.633 Thread 0x0000026786747060 Thread exited: 0x0000026786747060
Event: 4113.798 Thread 0x0000026787236020 Thread added: 0x0000026786747060
Event: 4113.831 Thread 0x0000026786747060 Thread added: 0x0000026786748aa0
Event: 4114.159 Thread 0x0000026787236020 Thread added: 0x00000267867476f0
Event: 4437.783 Thread 0x0000026786748aa0 Thread exited: 0x0000026786748aa0
Event: 4497.788 Thread 0x00000267867476f0 Thread exited: 0x00000267867476f0
Event: 4557.795 Thread 0x0000026786747060 Thread exited: 0x0000026786747060
Event: 4804.898 Thread 0x0000026787236020 Thread added: 0x0000026786747060
Event: 4804.914 Thread 0x0000026786747060 Thread added: 0x00000267867476f0
Event: 4804.981 Thread 0x0000026786747060 Thread added: 0x0000026786748410
Event: 4865.012 Thread 0x0000026786747060 Thread exited: 0x0000026786747060
Event: 4925.020 Thread 0x00000267867476f0 Thread exited: 0x00000267867476f0
Event: 4985.027 Thread 0x0000026786748410 Thread exited: 0x0000026786748410


Dynamic libraries:
0x00007ff7dbe50000 - 0x00007ff7dbe5e000 	c:\Users\alvin\.vscode\extensions\redhat.java-1.46.0-win32-x64\jre\21.0.8-win32-x86_64\bin\java.exe
0x00007ffbf5040000 - 0x00007ffbf52a8000 	C:\WINDOWS\SYSTEM32\ntdll.dll
0x00007ffbf3350000 - 0x00007ffbf3419000 	C:\WINDOWS\System32\KERNEL32.DLL
0x00007ffbf2270000 - 0x00007ffbf2662000 	C:\WINDOWS\System32\KERNELBASE.dll
0x00007ffbf28d0000 - 0x00007ffbf2a1b000 	C:\WINDOWS\System32\ucrtbase.dll
0x00007ffbe45f0000 - 0x00007ffbe4608000 	c:\Users\alvin\.vscode\extensions\redhat.java-1.46.0-win32-x64\jre\21.0.8-win32-x86_64\bin\jli.dll
0x00007ffbf3d40000 - 0x00007ffbf3f05000 	C:\WINDOWS\System32\USER32.dll
0x00007ffbf2670000 - 0x00007ffbf2697000 	C:\WINDOWS\System32\win32u.dll
0x00007ffbf3f30000 - 0x00007ffbf3f5b000 	C:\WINDOWS\System32\GDI32.dll
0x00007ffbf2c20000 - 0x00007ffbf2d4d000 	C:\WINDOWS\System32\gdi32full.dll
0x00007ffbf2820000 - 0x00007ffbf28c3000 	C:\WINDOWS\System32\msvcp_win.dll
0x00007ffbddf30000 - 0x00007ffbddf4e000 	c:\Users\alvin\.vscode\extensions\redhat.java-1.46.0-win32-x64\jre\21.0.8-win32-x86_64\bin\VCRUNTIME140.dll
0x00007ffbe30d0000 - 0x00007ffbe3363000 	C:\WINDOWS\WinSxS\amd64_microsoft.windows.common-controls_6595b64144ccf1df_6.0.26100.6899_none_3e0efeeae32e88c1\COMCTL32.dll
0x00007ffbf3b80000 - 0x00007ffbf3c29000 	C:\WINDOWS\System32\msvcrt.dll
0x00007ffbf2e20000 - 0x00007ffbf2e4f000 	C:\WINDOWS\System32\IMM32.DLL
0x00007ffbe4640000 - 0x00007ffbe464c000 	c:\Users\alvin\.vscode\extensions\redhat.java-1.46.0-win32-x64\jre\21.0.8-win32-x86_64\bin\vcruntime140_1.dll
0x00007ffbd7bb0000 - 0x00007ffbd7c3d000 	c:\Users\alvin\.vscode\extensions\redhat.java-1.46.0-win32-x64\jre\21.0.8-win32-x86_64\bin\msvcp140.dll
0x00007ffba56a0000 - 0x00007ffba6437000 	c:\Users\alvin\.vscode\extensions\redhat.java-1.46.0-win32-x64\jre\21.0.8-win32-x86_64\bin\server\jvm.dll
0x00007ffbf30f0000 - 0x00007ffbf31a4000 	C:\WINDOWS\System32\ADVAPI32.dll
0x00007ffbf3040000 - 0x00007ffbf30e6000 	C:\WINDOWS\System32\sechost.dll
0x00007ffbf4d80000 - 0x00007ffbf4e98000 	C:\WINDOWS\System32\RPCRT4.dll
0x00007ffbf3c90000 - 0x00007ffbf3d04000 	C:\WINDOWS\System32\WS2_32.dll
0x00007ffbf2030000 - 0x00007ffbf208e000 	C:\WINDOWS\SYSTEM32\POWRPROF.dll
0x00007ffbe02e0000 - 0x00007ffbe0315000 	C:\WINDOWS\SYSTEM32\WINMM.dll
0x00007ffbdfd20000 - 0x00007ffbdfd2b000 	C:\WINDOWS\SYSTEM32\VERSION.dll
0x00007ffbf2010000 - 0x00007ffbf2024000 	C:\WINDOWS\SYSTEM32\UMPDC.dll
0x00007ffbf0fa0000 - 0x00007ffbf0fbb000 	C:\WINDOWS\SYSTEM32\kernel.appcore.dll
0x00007ffbe3650000 - 0x00007ffbe365a000 	c:\Users\alvin\.vscode\extensions\redhat.java-1.46.0-win32-x64\jre\21.0.8-win32-x86_64\bin\jimage.dll
0x00007ffbb6c20000 - 0x00007ffbb6e62000 	C:\WINDOWS\SYSTEM32\DBGHELP.DLL
0x00007ffbf4620000 - 0x00007ffbf499b000 	C:\WINDOWS\System32\combase.dll
0x00007ffbf4ab0000 - 0x00007ffbf4b87000 	C:\WINDOWS\System32\OLEAUT32.dll
0x00007ffbe3d30000 - 0x00007ffbe3d6c000 	C:\WINDOWS\SYSTEM32\dbgcore.DLL
0x00007ffbf21d0000 - 0x00007ffbf2268000 	C:\WINDOWS\System32\bcryptPrimitives.dll
0x00007ffbe2a00000 - 0x00007ffbe2a0f000 	c:\Users\alvin\.vscode\extensions\redhat.java-1.46.0-win32-x64\jre\21.0.8-win32-x86_64\bin\instrument.dll
0x00007ffbdbb50000 - 0x00007ffbdbb6f000 	c:\Users\alvin\.vscode\extensions\redhat.java-1.46.0-win32-x64\jre\21.0.8-win32-x86_64\bin\java.dll
0x00007ffbf3420000 - 0x00007ffbf3b6d000 	C:\WINDOWS\System32\SHELL32.dll
0x00007ffbf2ab0000 - 0x00007ffbf2c1b000 	C:\WINDOWS\System32\wintypes.dll
0x00007ffbefe60000 - 0x00007ffbf06bd000 	C:\WINDOWS\SYSTEM32\windows.storage.dll
0x00007ffbf49a0000 - 0x00007ffbf4a92000 	C:\WINDOWS\System32\SHCORE.dll
0x00007ffbf4d10000 - 0x00007ffbf4d72000 	C:\WINDOWS\System32\shlwapi.dll
0x00007ffbf20f0000 - 0x00007ffbf2119000 	C:\WINDOWS\SYSTEM32\profapi.dll
0x00007ffbda700000 - 0x00007ffbda718000 	c:\Users\alvin\.vscode\extensions\redhat.java-1.46.0-win32-x64\jre\21.0.8-win32-x86_64\bin\zip.dll
0x00007ffbe2290000 - 0x00007ffbe22a0000 	C:\Users\alvin\.vscode\extensions\redhat.java-1.46.0-win32-x64\jre\21.0.8-win32-x86_64\bin\net.dll
0x00007ffbea430000 - 0x00007ffbea54f000 	C:\WINDOWS\SYSTEM32\WINHTTP.dll
0x00007ffbf1510000 - 0x00007ffbf157b000 	C:\WINDOWS\system32\mswsock.dll
0x00007ffbda6e0000 - 0x00007ffbda6f6000 	C:\Users\alvin\.vscode\extensions\redhat.java-1.46.0-win32-x64\jre\21.0.8-win32-x86_64\bin\nio.dll
0x00007ffbe1fb0000 - 0x00007ffbe1fc0000 	c:\Users\alvin\.vscode\extensions\redhat.java-1.46.0-win32-x64\jre\21.0.8-win32-x86_64\bin\verify.dll
0x00007ffbd7760000 - 0x00007ffbd77a4000 	C:\Users\alvin\AppData\Roaming\Code\User\globalStorage\redhat.java\1.46.0\config_win\org.eclipse.equinox.launcher\org.eclipse.equinox.launcher.win32.win32.x86_64_1.2.1400.v20250801-0854\eclipse_11916.dll
0x00007ffbf31b0000 - 0x00007ffbf3348000 	C:\WINDOWS\System32\ole32.dll
0x00007ffbe1de0000 - 0x00007ffbe1dea000 	C:\Users\alvin\.vscode\extensions\redhat.java-1.46.0-win32-x64\jre\21.0.8-win32-x86_64\bin\management.dll
0x00007ffbe1db0000 - 0x00007ffbe1dbb000 	C:\Users\alvin\.vscode\extensions\redhat.java-1.46.0-win32-x64\jre\21.0.8-win32-x86_64\bin\management_ext.dll
0x00007ffbf4aa0000 - 0x00007ffbf4aa8000 	C:\WINDOWS\System32\PSAPI.DLL
0x00007ffbf17c0000 - 0x00007ffbf17db000 	C:\WINDOWS\SYSTEM32\CRYPTSP.dll
0x00007ffbf0f00000 - 0x00007ffbf0f3b000 	C:\WINDOWS\system32\rsaenh.dll
0x00007ffbf15b0000 - 0x00007ffbf15db000 	C:\WINDOWS\SYSTEM32\USERENV.dll
0x00007ffbf20c0000 - 0x00007ffbf20e6000 	C:\WINDOWS\SYSTEM32\bcrypt.dll
0x00007ffbf17e0000 - 0x00007ffbf17ec000 	C:\WINDOWS\SYSTEM32\CRYPTBASE.dll
0x00007ffbf09c0000 - 0x00007ffbf09f4000 	C:\WINDOWS\SYSTEM32\IPHLPAPI.DLL
0x00007ffbf2e10000 - 0x00007ffbf2e1a000 	C:\WINDOWS\System32\NSI.dll
0x00007ffbcd4e0000 - 0x00007ffbcd529000 	C:\Users\alvin\AppData\Local\Temp\jna-92915728\jna4891860335392294210.dll
0x00007ffbea6d0000 - 0x00007ffbea6ee000 	C:\WINDOWS\SYSTEM32\dhcpcsvc6.DLL
0x00007ffbea6a0000 - 0x00007ffbea6c3000 	C:\WINDOWS\SYSTEM32\dhcpcsvc.DLL
0x00007ffbdf860000 - 0x00007ffbdf86e000 	C:\Users\alvin\.vscode\extensions\redhat.java-1.46.0-win32-x64\jre\21.0.8-win32-x86_64\bin\sunmscapi.dll
0x00007ffbf26a0000 - 0x00007ffbf2817000 	C:\WINDOWS\System32\CRYPT32.dll
0x00007ffbf19e0000 - 0x00007ffbf1a10000 	C:\WINDOWS\SYSTEM32\ncrypt.dll
0x00007ffbf1990000 - 0x00007ffbf19cf000 	C:\WINDOWS\SYSTEM32\NTASN1.dll
0x00007ffbf0ab0000 - 0x00007ffbf0bd6000 	C:\WINDOWS\SYSTEM32\DNSAPI.dll
0x00007ffbe7d50000 - 0x00007ffbe7d5b000 	C:\Windows\System32\rasadhlp.dll
0x00007ffbe8790000 - 0x00007ffbe8816000 	C:\WINDOWS\System32\fwpuclnt.dll
0x00007ffbdeac0000 - 0x00007ffbdeac9000 	C:\Users\alvin\.vscode\extensions\redhat.java-1.46.0-win32-x64\jre\21.0.8-win32-x86_64\bin\extnet.dll

JVMTI agents:
c:\Users\alvin\.vscode\extensions\redhat.java-1.46.0-win32-x64\lombok\lombok-1.18.39-4050.jar path:c:\Users\alvin\.vscode\extensions\redhat.java-1.46.0-win32-x64\jre\21.0.8-win32-x86_64\bin\instrument.dll, loaded, initialized, instrumentlib options:none

dbghelp: loaded successfully - version: 4.0.5 - missing functions: none
symbol engine: initialized successfully - sym options: 0x614 - pdb path: .;c:\Users\alvin\.vscode\extensions\redhat.java-1.46.0-win32-x64\jre\21.0.8-win32-x86_64\bin;C:\WINDOWS\SYSTEM32;C:\WINDOWS\WinSxS\amd64_microsoft.windows.common-controls_6595b64144ccf1df_6.0.26100.6899_none_3e0efeeae32e88c1;c:\Users\alvin\.vscode\extensions\redhat.java-1.46.0-win32-x64\jre\21.0.8-win32-x86_64\bin\server;C:\Users\alvin\AppData\Roaming\Code\User\globalStorage\redhat.java\1.46.0\config_win\org.eclipse.equinox.launcher\org.eclipse.equinox.launcher.win32.win32.x86_64_1.2.1400.v20250801-0854;C:\Users\alvin\AppData\Local\Temp\jna-92915728

VM Arguments:
jvm_args: --add-modules=ALL-SYSTEM --add-opens=java.base/java.util=ALL-UNNAMED --add-opens=java.base/java.lang=ALL-UNNAMED --add-opens=java.base/sun.nio.fs=ALL-UNNAMED -Declipse.application=org.eclipse.jdt.ls.core.id1 -Dosgi.bundles.defaultStartLevel=4 -Declipse.product=org.eclipse.jdt.ls.core.product -Djava.import.generatesMetadataFilesAtProjectRoot=false -DDetectVMInstallationsJob.disabled=true -Dfile.encoding=utf8 -XX:+UseParallelGC -XX:GCTimeRatio=4 -XX:AdaptiveSizePolicyWeight=90 -Dsun.zip.disableMemoryMapping=true -Xmx2G -Xms100m -Xlog:disable -javaagent:c:\Users\alvin\.vscode\extensions\redhat.java-1.46.0-win32-x64\lombok\lombok-1.18.39-4050.jar -XX:+HeapDumpOnOutOfMemoryError -XX:HeapDumpPath=c:\Users\alvin\AppData\Roaming\Code\User\workspaceStorage\1683e6bf0890f2748c42457af55bf592\redhat.java -Daether.dependencyCollector.impl=bf 
java_command: c:\Users\alvin\.vscode\extensions\redhat.java-1.46.0-win32-x64\server\plugins\org.eclipse.equinox.launcher_1.7.0.v20250519-0528.jar -configuration c:\Users\alvin\AppData\Roaming\Code\User\globalStorage\redhat.java\1.46.0\config_win -data c:\Users\alvin\AppData\Roaming\Code\User\workspaceStorage\1683e6bf0890f2748c42457af55bf592\redhat.java\jdt_ws --pipe=\\.\pipe\lsp-832c20ed19d93adea74c71e47881e41e-sock
java_class_path (initial): c:\Users\alvin\.vscode\extensions\redhat.java-1.46.0-win32-x64\server\plugins\org.eclipse.equinox.launcher_1.7.0.v20250519-0528.jar
Launcher Type: SUN_STANDARD

[Global flags]
    uintx AdaptiveSizePolicyWeight                 = 90                                        {product} {command line}
     intx CICompilerCount                          = 3                                         {product} {ergonomic}
    uintx GCTimeRatio                              = 4                                         {product} {command line}
     bool HeapDumpOnOutOfMemoryError               = true                                   {manageable} {command line}
    ccstr HeapDumpPath                             = c:\Users\alvin\AppData\Roaming\Code\User\workspaceStorage\1683e6bf0890f2748c42457af55bf592\redhat.java         {manageable} {command line}
   size_t InitialHeapSize                          = 104857600                                 {product} {command line}
   size_t MaxHeapSize                              = 2147483648                                {product} {command line}
   size_t MaxNewSize                               = 715653120                                 {product} {ergonomic}
   size_t MinHeapDeltaBytes                        = 524288                                    {product} {ergonomic}
   size_t MinHeapSize                              = 104857600                                 {product} {command line}
   size_t NewSize                                  = 34603008                                  {product} {ergonomic}
    uintx NonNMethodCodeHeapSize                   = 5832780                                {pd product} {ergonomic}
    uintx NonProfiledCodeHeapSize                  = 122912730                              {pd product} {ergonomic}
   size_t OldSize                                  = 70254592                                  {product} {ergonomic}
    uintx ProfiledCodeHeapSize                     = 122912730                              {pd product} {ergonomic}
    uintx ReservedCodeCacheSize                    = 251658240                              {pd product} {ergonomic}
     bool SegmentedCodeCache                       = true                                      {product} {ergonomic}
   size_t SoftMaxHeapSize                          = 2147483648                             {manageable} {ergonomic}
     bool UseCompressedOops                        = true                           {product lp64_product} {ergonomic}
     bool UseLargePagesIndividualAllocation        = false                                  {pd product} {ergonomic}
     bool UseParallelGC                            = true                                      {product} {command line}

Logging:
Log output configuration:
 #0: stdout all=off uptime,level,tags foldmultilines=false
 #1: stderr all=off uptime,level,tags foldmultilines=false

Environment Variables:
PATH=C:\Program Files\Common Files\Oracle\Java\javapath;C:\WINDOWS\system32;C:\WINDOWS;C:\WINDOWS\System32\Wbem;C:\WINDOWS\System32\WindowsPowerShell\v1.0\;C:\WINDOWS\System32\OpenSSH\;C:\Program Files\nodejs\;C:\Program Files\Git\cmd;E:\MATLAB\runtime\win64;E:\MATLAB\bin;C:\Users\alvin\AppData\Local\Programs\oh-my-posh\bin\;C:\Users\alvin\AppData\Local\Microsoft\WindowsApps;C:\Users\alvin\AppData\Local\Programs\Microsoft VS Code\bin;C:\Users\alvin\AppData\Roaming\npm
USERNAME=alvin
OS=Windows_NT
PROCESSOR_IDENTIFIER=Intel64 Family 6 Model 37 Stepping 5, GenuineIntel
TMP=C:\Users\alvin\AppData\Local\Temp
TEMP=C:\Users\alvin\AppData\Local\Temp




Periodic native trim disabled

---------------  S Y S T E M  ---------------

OS:
 Windows 11 , 64 bit Build 26100 (10.0.26100.6725)
OS uptime: 0 days 2:48 hours

CPU: total 4 (initial active 4) (2 cores per cpu, 2 threads per core) family 6 model 37 stepping 5 microcode 0x7, cx8, cmov, fxsr, ht, mmx, sse, sse2, sse3, ssse3, sse4.1, sse4.2, popcnt, tsc, tscinvbit, clflush, rdtscp
Processor Information for the first 4 processors :
  Max Mhz: 2533, Current Mhz: 2533, Mhz Limit: 2533

Memory: 4k page, system-wide physical 3893M (304M free)
TotalPageFile size 7989M (AvailPageFile size 5M)
current process WorkingSet (physical memory assigned to process): 149M, peak: 801M
current process commit charge ("private bytes"): 1197M, peak: 1200M

vm_info: OpenJDK 64-Bit Server VM (21.0.8+9-LTS) for windows-amd64 JRE (21.0.8+9-LTS), built on 2025-07-15T00:00:00Z by "admin" with MS VC++ 17.7 (VS2022)

END.
